.next/dev/types/validator.ts(17,39): error TS1434: Unexpected keyword or identifier.
